
> data-bi@0.0.0 build
> vite build

[36mvite v6.4.1 [32mbuilding for production...[36m[39m
transforming...
[32mÔ£ô[39m 4548 modules transformed.
rendering chunks...
node.exe : [33m[plugin 
vite:reporter] 
En línea: 1 Carácter: 1
+ & "C:\Program 
Files\nodejs/node.exe" 
"C:\Program 
Files\nodejs/node_mo ...
+ ~~~~~~~~~~~~~~~~~~~~~~~~~~~~
~~~~~~~~~~~~~~~~~~~~~~~~~~~~~~
~~~~~~~~~~~
    + CategoryInfo          : 
    NotSpecified: ([33m[plu  
  gin vite:reporter] :Strin   
 g) [], RemoteException
    + FullyQualifiedErrorId : 
    NativeCommandError
 
(!) C:/Users/juan9/Documents/P
roject/AdminApp/FLUJO/src/serv
ices/database.ts is 
dynamically imported by C:/Use
rs/juan9/Documents/Project/Adm
inApp/FLUJO/src/components/Sid
ebar.tsx but also statically 
imported by C:/Users/juan9/Doc
uments/Project/AdminApp/FLUJO/
src/context/ArqueoContext.tsx,
 C:/Users/juan9/Documents/Proj
ect/AdminApp/FLUJO/src/feature
s/cash-flow/ArqueoPreview.tsx,
 C:/Users/juan9/Documents/Proj
ect/AdminApp/FLUJO/src/feature
s/cash-flow/TransfersView.tsx,
 C:/Users/juan9/Documents/Proj
ect/AdminApp/FLUJO/src/pages/R
escueData.tsx, C:/Users/juan9/
Documents/Project/AdminApp/FLU
JO/src/services/storage.ts, 
dynamic import will not move 
module into another chunk.
[39m
computing gzip size...
[2mdist/[22m[32mindex.html                                   [39m[1m[2m  1.67 kB[22m[1m[22m[2m Ôöé gzip:   0.78 kB[22m
[2mdist/[22m[35massets/BudgetCalendar-DEpV2Nr3.css           [39m[1m[2m 10.93 kB[22m[1m[22m[2m Ôöé gzip:   2.50 kB[22m
[2mdist/[22m[35massets/index-W9jzxZjY.css                    [39m[1m[2m 98.89 kB[22m[1m[22m[2m Ôöé gzip:  15.44 kB[22m
[2mdist/[22m[36massets/subWeeks-RsdTc0b-.js                  [39m[1m[2m  0.09 kB[22m[1m[22m[2m Ôöé gzip:   0.10 kB[22m
[2mdist/[22m[36massets/isSameMonth-FoABWmK6.js               [39m[1m[2m  0.18 kB[22m[1m[22m[2m Ôöé gzip:   0.16 kB[22m
[2mdist/[22m[36massets/IncomeStatementLayout-Dms4MXT1.js     [39m[1m[2m  0.23 kB[22m[1m[22m[2m Ôöé gzip:   0.18 kB[22m
[2mdist/[22m[36massets/startOfMonth-Ba_4ojeq.js              [39m[1m[2m  0.29 kB[22m[1m[22m[2m Ôöé gzip:   0.20 kB[22m
[2mdist/[22m[36massets/clsx-B-dksMZM.js                      [39m[1m[2m  0.37 kB[22m[1m[22m[2m Ôöé gzip:   0.24 kB[22m
[2mdist/[22m[36massets/endOfWeek-CXKx24-N.js                 [39m[1m[2m  0.43 kB[22m[1m[22m[2m Ôöé gzip:   0.27 kB[22m
[2mdist/[22m[36massets/XMarkIcon-CuKbS_PB.js                 [39m[1m[2m  0.48 kB[22m[1m[22m[2m Ôöé gzip:   0.35 kB[22m
[2mdist/[22m[36massets/PlusIcon-sHLGviOT.js                  [39m[1m[2m  0.48 kB[22m[1m[22m[2m Ôöé gzip:   0.35 kB[22m
[2mdist/[22m[36massets/defineProperty-DjkBTsMA.js            [39m[1m[2m  0.48 kB[22m[1m[22m[2m Ôöé gzip:   0.33 kB[22m
[2mdist/[22m[36massets/CheckCircleIcon-Bw11dVkB.js           [39m[1m[2m  0.52 kB[22m[1m[22m[2m Ôöé gzip:   0.38 kB[22m
[2mdist/[22m[36massets/ExclamationCircleIcon-crSESX0M.js     [39m[1m[2m  0.53 kB[22m[1m[22m[2m Ôöé gzip:   0.39 kB[22m
[2mdist/[22m[36massets/ArrowTrendingDownIcon-DqhQrbQr.js     [39m[1m[2m  0.57 kB[22m[1m[22m[2m Ôöé gzip:   0.40 kB[22m
[2mdist/[22m[36massets/ArrowPathIcon-B5ZRaPu1.js             [39m[1m[2m  0.62 kB[22m[1m[22m[2m Ôöé gzip:   0.43 kB[22m
[2mdist/[22m[36massets/CurrencyDollarIcon-dbOS7Smy.js        [39m[1m[2m  0.69 kB[22m[1m[22m[2m Ôöé gzip:   0.47 kB[22m
[2mdist/[22m[36massets/PencilSquareIcon-j8wfbur7.js          [39m[1m[2m  0.71 kB[22m[1m[22m[2m Ôöé gzip:   0.47 kB[22m
[2mdist/[22m[36massets/TrashIcon-B1LmiwFZ.js                 [39m[1m[2m  0.87 kB[22m[1m[22m[2m Ôöé gzip:   0.55 kB[22m
[2mdist/[22m[36massets/ArrowUpIcon-xHLVMAuB.js               [39m[1m[2m  0.93 kB[22m[1m[22m[2m Ôöé gzip:   0.40 kB[22m
[2mdist/[22m[36massets/BanknotesIcon-Cw6sF1Hb.js             [39m[1m[2m  0.95 kB[22m[1m[22m[2m Ôöé gzip:   0.58 kB[22m
[2mdist/[22m[36massets/CalendarDaysIcon-DbzO9pd2.js          [39m[1m[2m  1.01 kB[22m[1m[22m[2m Ôöé gzip:   0.52 kB[22m
[2mdist/[22m[36massets/Select-DTb2lcs7.js                    [39m[1m[2m  1.04 kB[22m[1m[22m[2m Ôöé gzip:   0.50 kB[22m
[2mdist/[22m[36massets/PageHeader-BSSRsQm9.js                [39m[1m[2m  1.19 kB[22m[1m[22m[2m Ôöé gzip:   0.55 kB[22m
[2mdist/[22m[36massets/slicedToArray-CCASJULc.js             [39m[1m[2m  1.33 kB[22m[1m[22m[2m Ôöé gzip:   0.72 kB[22m
[2mdist/[22m[36massets/holidays-CdCHuw1-.js                  [39m[1m[2m  1.43 kB[22m[1m[22m[2m Ôöé gzip:   0.79 kB[22m
[2mdist/[22m[36massets/Button-ba6YSu5M.js                    [39m[1m[2m  1.45 kB[22m[1m[22m[2m Ôöé gzip:   0.76 kB[22m
[2mdist/[22m[36massets/BudgetPurchases-CQ8Ig8tu.js           [39m[1m[2m  1.58 kB[22m[1m[22m[2m Ôöé gzip:   0.91 kB[22m
[2mdist/[22m[36massets/Login-t2sZPzOm.js                     [39m[1m[2m  2.49 kB[22m[1m[22m[2m Ôöé gzip:   1.06 kB[22m
[2mdist/[22m[36massets/es-DnAfGyQ1.js                        [39m[1m[2m  5.99 kB[22m[1m[22m[2m Ôöé gzip:   2.06 kB[22m
[2mdist/[22m[36massets/IncomeStatementDashboard-DxiMLcw-.js  [39m[1m[2m  6.07 kB[22m[1m[22m[2m Ôöé gzip:   1.74 kB[22m
[2mdist/[22m[36massets/BudgetCategories-CRCRPJ-F.js          [39m[1m[2m  6.47 kB[22m[1m[22m[2m Ôöé gzip:   2.38 kB[22m
[2mdist/[22m[36massets/RescueData-beBaW2BL.js                [39m[1m[2m  7.63 kB[22m[1m[22m[2m Ôöé gzip:   3.31 kB[22m
[2mdist/[22m[36massets/BudgetLayout-BuB2gvkJ.js              [39m[1m[2m  8.77 kB[22m[1m[22m[2m Ôöé gzip:   3.16 kB[22m
[2mdist/[22m[36massets/BudgetHistory-BBTmoMBa.js             [39m[1m[2m  9.28 kB[22m[1m[22m[2m Ôöé gzip:   2.55 kB[22m
[2mdist/[22m[36massets/useProjections-IpM9NRAe.js            [39m[1m[2m 10.01 kB[22m[1m[22m[2m Ôöé gzip:   3.71 kB[22m
[2mdist/[22m[36massets/UsersManagementView-DfeUnftl.js       [39m[1m[2m 12.08 kB[22m[1m[22m[2m Ôöé gzip:   2.59 kB[22m
[2mdist/[22m[36massets/BudgetTable-CzSMlh89.js               [39m[1m[2m 12.74 kB[22m[1m[22m[2m Ôöé gzip:   4.40 kB[22m
[2mdist/[22m[36massets/BudgetRecurring-D3qUQ61m.js           [39m[1m[2m 13.35 kB[22m[1m[22m[2m Ôöé gzip:   4.69 kB[22m
[2mdist/[22m[36massets/BudgetExecution-DfUuVYJr.js           [39m[1m[2m 17.67 kB[22m[1m[22m[2m Ôöé gzip:   4.76 kB[22m
[2mdist/[22m[36massets/index-BM3ikFJz.js                     [39m[1m[2m 18.64 kB[22m[1m[22m[2m Ôöé gzip:   5.74 kB[22m
[2mdist/[22m[36massets/BudgetDashboard-YNBajsCy.js           [39m[1m[2m 18.88 kB[22m[1m[22m[2m Ôöé gzip:   5.29 kB[22m
[2mdist/[22m[36massets/format-F__4JgQB.js                    [39m[1m[2m 20.88 kB[22m[1m[22m[2m Ôöé gzip:   5.92 kB[22m
[2mdist/[22m[36massets/purify.es-B9ZVCkUG.js                 [39m[1m[2m 22.64 kB[22m[1m[22m[2m Ôöé gzip:   8.75 kB[22m
[2mdist/[22m[36massets/ProjectionsView-CkOXnr2U.js           [39m[1m[2m 39.34 kB[22m[1m[22m[2m Ôöé gzip:   9.65 kB[22m
[2mdist/[22m[36massets/IncomeStatementTable-sbYnoDcF.js      [39m[1m[2m 49.54 kB[22m[1m[22m[2m Ôöé gzip:  13.25 kB[22m
[2mdist/[22m[36massets/DashboardView-BFQN1gcS.js             [39m[1m[2m 75.11 kB[22m[1m[22m[2m Ôöé gzip:  17.96 kB[22m
[2mdist/[22m[36massets/ArqueoPreview-HS-4pbnN.js             [39m[1m[2m 92.87 kB[22m[1m[22m[2m Ôöé gzip:  22.77 kB[22m
[2mdist/[22m[36massets/index.es-U2P6FKvk.js                  [39m[1m[2m159.03 kB[22m[1m[22m[2m Ôöé gzip:  53.29 kB[22m
[2mdist/[22m[36massets/BudgetCalendar-C4m3ZqSr.js            [39m[1m[2m186.09 kB[22m[1m[22m[2m Ôöé gzip:  59.85 kB[22m
[2mdist/[22m[36massets/html2canvas.esm-QH1iLAAe.js           [39m[1m[2m202.38 kB[22m[1m[22m[2m Ôöé gzip:  48.04 kB[22m
[2mdist/[22m[36massets/isWithinInterval-BRLeEFmy.js          [39m[1m[2m371.15 kB[22m[1m[22m[2m Ôöé gzip: 109.91 kB[22m
[2mdist/[22m[36massets/xlsx-BBWTpfDg.js                      [39m[1m[2m424.73 kB[22m[1m[22m[2m Ôöé gzip: 141.75 kB[22m
[2mdist/[22m[36massets/index-BXFIZn04.js                     [39m[1m[33m532.83 kB[39m[22m[2m Ôöé gzip: 158.69 kB[22m
[2mdist/[22m[36massets/SmartDataTable-DNjjNLoN.js            [39m[1m[33m552.14 kB[39m[22m[2m Ôöé gzip: 178.99 kB[22m
[33m
(!) Some chunks are larger 
than 500 kB after 
minification. Consider:
- Using dynamic import() to 
code-split the application
- Use build.rollupOptions.outp
ut.manualChunks to improve 
chunking: https://rollupjs.org
/configuration-options/#output
-manualchunks
- Adjust chunk size limit for 
this warning via build.chunkSi
zeWarningLimit.[39m
[32mÔ£ô built in 13.59s[39m
